// Jest Snapshot v1, https://goo.gl/fbAQLP

exports[`Output/PublishPane/Destination renders correctly 1`] = `
<div
  class="sd-collapse-box sd-shadow--z2 sd-collapse-box--open"
>
  <div
    class="sd-collapse-box__header"
  >
    <div
      class="sd-list-item"
    >
      <div
        class="sd-list-item__dot sd-list-item__dot--success"
      />
      <div
        class="sd-list-item__column sd-list-item__column--grow sd-list-item__column--no-border"
      >
        <div
          class="sd-list-item__row"
        >
          <span
            class="sd-overflow-ellipsis sd-list-item--element-grow"
          >
            <span
              class="sd-list-item__text-strong"
            >
              tenant1
            </span>
          </span>
          <a
            class="icn-btn disabled"
            flow="left"
            sd-tooltip="Remove tenant"
          >
            <i
              class="icon-trash"
            />
          </a>
        </div>
        <div
          class="sd-list-item__row"
        >
          <span
            class="sd-overflow-ellipsis label label--success"
          />
        </div>
      </div>
    </div>
  </div>
  <div
    class="sd-collapse-box__content-wraper"
  >
    <div
      class="sd-collapse-box__content"
    >
      <div
        class="sd-list-item__dot sd-list-item__dot--success"
      />
      <div
        class="sd-collapse-box__tools sd-collapse-box__tools--flex"
      >
        <a
          class="sd-collapse-box__collapse-btn"
        >
          <span
            class="icn-btn"
          >
            <i
              class="icon-chevron-up-thin"
            />
          </span>
        </a>
        <a
          class="icn-btn"
          flow="left"
          sd-tooltip="Remove tenant"
        >
          <i
            class="icon-trash"
          />
        </a>
      </div>
      <div
        class="sd-collapse-box__content-block sd-collapse-box__content-block--top"
      >
        <div
          class="sd-list-item sd-list-item--no-bg sd-list-item--no-hover"
        >
          <div
            class="sd-list-item__column sd-list-item__column--grow sd-list-item__column--no-border"
          >
            <div
              class="sd-list-item__row"
            >
              <span
                class="sd-overflow-ellipsis sd-list-item__text-strong"
              >
                tenant1
              </span>
            </div>
          </div>
        </div>
      </div>
      <div
        class="form__row"
      >
        <div
          class="sd-line-input sd-line-input--is-select sd-line-input--dark-ui sd-line-input--no-margin"
        >
          <label
            class="sd-line-input__label"
          >
            Route
          </label>
          <select
            class="sd-line-input__select"
            name="routeId"
          >
            <option
              disabled=""
              value=""
            >
              Select a route
            </option>
            <optgroup
              label="Custom"
              style="color: black;"
            >
              <option
                value="1"
              >
                testroute1
              </option>
              <option
                value="2"
              >
                testroute2
              </option>
            </optgroup>
          </select>
        </div>
      </div>
      <div
        class="flex-grid flex-grid--wrap-items flex-grid--small-1 flex-grid--medium-2"
        style="overflow: visible;"
      >
        <div
          class="flex-grid__item"
          sd-tooltip="Publish to facebook"
          style="margin-bottom: 1em;"
        >
          <span>
            <span
              class="sd-check__wrapper"
            >
              <span
                class="sd-checkbox"
              />
              <label
                class=""
                style="color: rgb(255, 255, 255);"
              >
                Facebook
              </label>
            </span>
          </span>
        </div>
      </div>
      <div
        class="form__row"
      >
        <button
          class="btn btn--hollow btn--expanded btn--primary"
        >
          Add to content list
        </button>
      </div>
      <div
        class="form__row"
        ng-if="destination.status !== 'new'"
      >
        <div
          class="toggle-box toggle-box--dark sp--dark-ui"
        >
          <div
            class="toggle-box__header"
          >
            <div
              class="toggle-box__chevron"
            >
              <i
                class="icon-chevron-right-thin"
              />
            </div>
            <div
              class="toggle-box__label"
            >
              Meta data
            </div>
            <div
              class="toggle-box__line"
            />
          </div>
          <div
            class="toggle-box__content-wraper"
          >
            <div
              class="toggle-box__content"
            >
              <div
                class="sd-list-item-group sd-shadow--z1 no-margin"
              >
                <div
                  class="sd-list-item"
                >
                  <div
                    class="sd-list-item__border"
                  />
                  <div
                    class="sd-list-item__column sd-list-item__column--grow sd-list-item__column--no-border"
                  >
                    <div
                      class="sd-list-item__row"
                    >
                      <span
                        class="sd-overflow-ellipsis"
                      >
                        Facebook
                      </span>
                    </div>
                  </div>
                  <div
                    class="sd-list-item__action-menu"
                  >
                    <i
                      class="icon-chevron-right-thin"
                    />
                  </div>
                </div>
                <div
                  class="sd-list-item"
                >
                  <div
                    class="sd-list-item__border"
                  />
                  <div
                    class="sd-list-item__column sd-list-item__column--grow sd-list-item__column--no-border"
                  >
                    <div
                      class="sd-list-item__row"
                    >
                      <span
                        class="sd-overflow-ellipsis"
                      >
                        Twitter
                      </span>
                    </div>
                  </div>
                  <div
                    class="sd-list-item__action-menu"
                  >
                    <i
                      class="icon-chevron-right-thin"
                    />
                  </div>
                </div>
                <div
                  class="sd-list-item"
                >
                  <div
                    class="sd-list-item__border"
                  />
                  <div
                    class="sd-list-item__column sd-list-item__column--grow sd-list-item__column--no-border"
                  >
                    <div
                      class="sd-list-item__row"
                    >
                      <span
                        class="sd-overflow-ellipsis"
                      >
                        SEO / Meta Tags
                      </span>
                    </div>
                  </div>
                  <div
                    class="sd-list-item__action-menu"
                  >
                    <i
                      class="icon-chevron-right-thin"
                    />
                  </div>
                </div>
              </div>
            </div>
          </div>
        </div>
      </div>
    </div>
  </div>
</div>
`;
